#
# There is insufficient memory for the Java Runtime Environment to continue.
# Native memory allocation (mmap) failed to map 255852544 bytes for G1 virtual space
# Possible reasons:
#   The system is out of physical RAM or swap space
#   The process is running with CompressedOops enabled, and the Java Heap may be blocking the growth of the native heap
# Possible solutions:
#   Reduce memory load on the system
#   Increase physical memory or swap space
#   Check if swap backing store is full
#   Decrease Java heap size (-Xmx/-Xms)
#   Decrease number of Java threads
#   Decrease Java thread stack sizes (-Xss)
#   Set larger code cache with -XX:ReservedCodeCacheSize=
#   JVM is running with Zero Based Compressed Oops mode in which the Java heap is
#     placed in the first 32GB address space. The Java Heap base address is the
#     maximum limit for the native heap growth. Please use -XX:HeapBaseMinAddress
#     to set the Java Heap base and to place the Java Heap above 32GB virtual address.
# This output file may be truncated or incomplete.
#
#  Out of Memory Error (os_windows.cpp:3559), pid=16336, tid=12576
#
# JRE version:  (17.0.7+7) (build )
# Java VM: OpenJDK 64-Bit Server VM (17.0.7+7, mixed mode, sharing, tiered, compressed oops, compressed class ptrs, g1 gc, windows-amd64)
# No core dump will be written. Minidumps are not enabled by default on client versions of Windows
#

---------------  S U M M A R Y ------------

Command Line: -XX:+ShowCodeDetailsInExceptionMessages cs2.bots.App

Host: AMD Ryzen 7 6800H with Radeon Graphics         , 16 cores, 15G,  Windows 11 , 64 bit Build 22621 (10.0.22621.3085)
Time: Fri Feb 23 20:15:14 2024 W. Europe Standard Time elapsed time: 0.010142 seconds (0d 0h 0m 0s)

---------------  T H R E A D  ---------------

Current thread (0x000001ddbd25f730):  JavaThread "Unknown thread" [_thread_in_vm, id=12576, stack(0x000000c701200000,0x000000c701300000)]

Stack: [0x000000c701200000,0x000000c701300000]
Native frames: (J=compiled Java code, j=interpreted, Vv=VM code, C=native code)
V  [jvm.dll+0x67754a]
V  [jvm.dll+0x834304]
V  [jvm.dll+0x835aae]
V  [jvm.dll+0x836113]
V  [jvm.dll+0x24696f]
V  [jvm.dll+0x6743f9]
V  [jvm.dll+0x668c8a]
V  [jvm.dll+0x3061bb]
V  [jvm.dll+0x30d6a6]
V  [jvm.dll+0x35cece]
V  [jvm.dll+0x35d0ff]
V  [jvm.dll+0x2dd048]
V  [jvm.dll+0x2ddfb4]
V  [jvm.dll+0x8066d1]
V  [jvm.dll+0x36ac91]
V  [jvm.dll+0x7e5cec]
V  [jvm.dll+0x3ed56f]
V  [jvm.dll+0x3ef0a1]
C  [jli.dll+0x528b]
C  [ucrtbase.dll+0x29363]
C  [KERNEL32.DLL+0x1257d]
C  [ntdll.dll+0x5aa58]


---------------  P R O C E S S  ---------------

Threads class SMR info:
_java_thread_list=0x00007ff9db4d7018, length=0, elements={
}

Java Threads: ( => current thread )

Other Threads:
  0x000001ddbd2c7a50 GCTaskThread "GC Thread#0" [stack: 0x000000c701300000,0x000000c701400000] [id=24272]
  0x000001ddbd2d7d90 ConcurrentGCThread "G1 Main Marker" [stack: 0x000000c701400000,0x000000c701500000] [id=18708]
  0x000001ddbd2d87a0 ConcurrentGCThread "G1 Conc#0" [stack: 0x000000c701500000,0x000000c701600000] [id=25184]

[error occurred during error reporting (printing all threads), id 0xc0000005, EXCEPTION_ACCESS_VIOLATION (0xc0000005) at pc=0x00007ff9dacadaf7]

VM state: not at safepoint (not fully initialized)

VM Mutex/Monitor currently owned by a thread:  ([mutex/lock_event])
[0x000001ddbd259970] Heap_lock - owner thread: 0x000001ddbd25f730

Heap address: 0x000000070c000000, size: 3904 MB, Compressed Oops mode: Zero based, Oop shift amount: 3

CDS archive(s) mapped at: [0x0000000000000000-0x0000000000000000-0x0000000000000000), size 0, SharedBaseAddress: 0x0000000800000000, ArchiveRelocationMode: 0.
Narrow klass base: 0x0000000000000000, Narrow klass shift: 0, Narrow klass range: 0x0

GC Precious Log:
<Empty>

Heap:
 garbage-first heap   total 0K, used 0K [0x000000070c000000, 0x0000000800000000)
  region size 2048K, 0 young (0K), 0 survivors (0K)

[error occurred during error reporting (printing heap information), id 0xc0000005, EXCEPTION_ACCESS_VIOLATION (0xc0000005) at pc=0x00007ff9db090db9]

GC Heap History (0 events):
No events

Dll operation events (1 events):
Event: 0.006 Loaded shared library C:\Program Files\Eclipse Adoptium\jdk-17.0.7.7-hotspot\bin\java.dll

Deoptimization events (0 events):
No events

Classes unloaded (0 events):
No events

Classes redefined (0 events):
No events

Internal exceptions (0 events):
No events

VM Operations (0 events):
No events

Events (0 events):
No events


Dynamic libraries:
0x00007ff7a67c0000 - 0x00007ff7a67ce000 	C:\Program Files\Eclipse Adoptium\jdk-17.0.7.7-hotspot\bin\java.exe
0x00007ffa96870000 - 0x00007ffa96a87000 	C:\WINDOWS\SYSTEM32\ntdll.dll
0x00007ffa945c0000 - 0x00007ffa94684000 	C:\WINDOWS\System32\KERNEL32.DLL
0x00007ffa93cc0000 - 0x00007ffa94066000 	C:\WINDOWS\System32\KERNELBASE.dll
0x00007ffa94300000 - 0x00007ffa94411000 	C:\WINDOWS\System32\ucrtbase.dll
0x00007ffa8bcc0000 - 0x00007ffa8bcd9000 	C:\Program Files\Eclipse Adoptium\jdk-17.0.7.7-hotspot\bin\VCRUNTIME140.dll
0x00007ffa801a0000 - 0x00007ffa801b7000 	C:\Program Files\Eclipse Adoptium\jdk-17.0.7.7-hotspot\bin\jli.dll
0x00007ffa94690000 - 0x00007ffa9483e000 	C:\WINDOWS\System32\USER32.dll
0x00007ffa94130000 - 0x00007ffa94156000 	C:\WINDOWS\System32\win32u.dll
0x00007ffa89b90000 - 0x00007ffa89e23000 	C:\WINDOWS\WinSxS\amd64_microsoft.windows.common-controls_6595b64144ccf1df_6.0.22621.2506_none_270c5ae97388e100\COMCTL32.dll
0x00007ffa96430000 - 0x00007ffa96459000 	C:\WINDOWS\System32\GDI32.dll
0x00007ffa965c0000 - 0x00007ffa96667000 	C:\WINDOWS\System32\msvcrt.dll
0x00007ffa94420000 - 0x00007ffa94538000 	C:\WINDOWS\System32\gdi32full.dll
0x00007ffa93c20000 - 0x00007ffa93cba000 	C:\WINDOWS\System32\msvcp_win.dll
0x00007ffa94860000 - 0x00007ffa94891000 	C:\WINDOWS\System32\IMM32.DLL
0x00007ffa8bbe0000 - 0x00007ffa8bbec000 	C:\Program Files\Eclipse Adoptium\jdk-17.0.7.7-hotspot\bin\vcruntime140_1.dll
0x00007ffa54ff0000 - 0x00007ffa55081000 	C:\Program Files\Eclipse Adoptium\jdk-17.0.7.7-hotspot\bin\msvcp140.dll
0x00007ff9da9c0000 - 0x00007ff9db608000 	C:\Program Files\Eclipse Adoptium\jdk-17.0.7.7-hotspot\bin\server\jvm.dll
0x00007ffa95aa0000 - 0x00007ffa95b53000 	C:\WINDOWS\System32\ADVAPI32.dll
0x00007ffa955c0000 - 0x00007ffa95668000 	C:\WINDOWS\System32\sechost.dll
0x00007ffa942d0000 - 0x00007ffa942f8000 	C:\WINDOWS\System32\bcrypt.dll
0x00007ffa94f50000 - 0x00007ffa95067000 	C:\WINDOWS\System32\RPCRT4.dll
0x00007ffa80180000 - 0x00007ffa80189000 	C:\WINDOWS\SYSTEM32\WSOCK32.dll
0x00007ffa8c310000 - 0x00007ffa8c344000 	C:\WINDOWS\SYSTEM32\WINMM.dll
0x00007ffa929d0000 - 0x00007ffa929da000 	C:\WINDOWS\SYSTEM32\VERSION.dll
0x00007ffa94ed0000 - 0x00007ffa94f41000 	C:\WINDOWS\System32\WS2_32.dll
0x00007ffa92cb0000 - 0x00007ffa92cc8000 	C:\WINDOWS\SYSTEM32\kernel.appcore.dll
0x00007ffa7cf60000 - 0x00007ffa7cf6a000 	C:\Program Files\Eclipse Adoptium\jdk-17.0.7.7-hotspot\bin\jimage.dll
0x00007ffa88780000 - 0x00007ffa889b3000 	C:\WINDOWS\SYSTEM32\DBGHELP.DLL
0x00007ffa95710000 - 0x00007ffa95a99000 	C:\WINDOWS\System32\combase.dll
0x00007ffa95070000 - 0x00007ffa95147000 	C:\WINDOWS\System32\OLEAUT32.dll
0x00007ffa899e0000 - 0x00007ffa89a12000 	C:\WINDOWS\SYSTEM32\dbgcore.DLL
0x00007ffa94540000 - 0x00007ffa945ba000 	C:\WINDOWS\System32\bcryptPrimitives.dll
0x00007ffa65fb0000 - 0x00007ffa65fd5000 	C:\Program Files\Eclipse Adoptium\jdk-17.0.7.7-hotspot\bin\java.dll

dbghelp: loaded successfully - version: 4.0.5 - missing functions: none
symbol engine: initialized successfully - sym options: 0x614 - pdb path: .;C:\Program Files\Eclipse Adoptium\jdk-17.0.7.7-hotspot\bin;C:\WINDOWS\SYSTEM32;C:\WINDOWS\WinSxS\amd64_microsoft.windows.common-controls_6595b64144ccf1df_6.0.22621.2506_none_270c5ae97388e100;C:\Program Files\Eclipse Adoptium\jdk-17.0.7.7-hotspot\bin\server

VM Arguments:
jvm_args: -XX:+ShowCodeDetailsInExceptionMessages 
java_command: cs2.bots.App
java_class_path (initial): C:\Users\marsi\AppData\Roaming\Code\User\workspaceStorage\55cff43049207ced0fe978c4cdc3d706\redhat.java\jdt_ws\jdt.ls-java-project\bin
Launcher Type: SUN_STANDARD

[Global flags]
     intx CICompilerCount                          = 12                                        {product} {ergonomic}
     uint ConcGCThreads                            = 3                                         {product} {ergonomic}
     uint G1ConcRefinementThreads                  = 13                                        {product} {ergonomic}
   size_t G1HeapRegionSize                         = 2097152                                   {product} {ergonomic}
    uintx GCDrainStackTargetSize                   = 64                                        {product} {ergonomic}
   size_t InitialHeapSize                          = 255852544                                 {product} {ergonomic}
   size_t MarkStackSize                            = 4194304                                   {product} {ergonomic}
   size_t MaxHeapSize                              = 4093640704                                {product} {ergonomic}
   size_t MinHeapDeltaBytes                        = 2097152                                   {product} {ergonomic}
   size_t MinHeapSize                              = 8388608                                   {product} {ergonomic}
    uintx NonNMethodCodeHeapSize                   = 7602480                                {pd product} {ergonomic}
    uintx NonProfiledCodeHeapSize                  = 122027880                              {pd product} {ergonomic}
    uintx ProfiledCodeHeapSize                     = 122027880                              {pd product} {ergonomic}
    uintx ReservedCodeCacheSize                    = 251658240                              {pd product} {ergonomic}
     bool SegmentedCodeCache                       = true                                      {product} {ergonomic}
     bool ShowCodeDetailsInExceptionMessages       = true                                   {manageable} {command line}
   size_t SoftMaxHeapSize                          = 4093640704                             {manageable} {ergonomic}
     bool UseCompressedClassPointers               = true                           {product lp64_product} {ergonomic}
     bool UseCompressedOops                        = true                           {product lp64_product} {ergonomic}
     bool UseG1GC                                  = true                                      {product} {ergonomic}
     bool UseLargePagesIndividualAllocation        = false                                  {pd product} {ergonomic}

Logging:
Log output configuration:
 #0: stdout all=warning uptime,level,tags
 #1: stderr all=off uptime,level,tags

Environment Variables:
PATH=C:\Program Files\Common Files\Oracle\Java\javapath;C:\Program Files (x86)\Common Files\Oracle\Java\javapath;C:\Program Files\Eclipse Adoptium\jdk-17.0.7.7-hotspot\bin;C:\Windows\system32;C:\Windows;C:\Windows\System32\Wbem;C:\Windows\System32\WindowsPowerShell\v1.0\;C:\Windows\System32\OpenSSH\;C:\Program Files (x86)\NVIDIA Corporation\PhysX\Common;C:\Program Files\NVIDIA Corporation\NVIDIA NvDLISR;C:\Program Files\dotnet\;C:\Program Files\Docker\Docker\resources\bin;C:\WINDOWS\system32;C:\WINDOWS;C:\WINDOWS\System32\Wbem;C:\WINDOWS\System32\WindowsPowerShell\v1.0\;C:\WINDOWS\System32\OpenSSH\;C:\Program Files\Git\cmd;C:\Program Files\nodejs\;C:\ProgramData\chocolatey\bin;C:\Gradle\gradle-8.4\bin;C:\Users\marsi\AppData\Local\Microsoft\WindowsApps;;C:\Users\marsi\AppData\Local\Programs\Microsoft VS Code\bin;C:\Users\marsi\AppData\Roaming\npm
USERNAME=marsi
LANG=en_US.UTF-8
OS=Windows_NT
PROCESSOR_IDENTIFIER=AMD64 Family 25 Model 68 Stepping 1, AuthenticAMD
TMP=C:\Users\marsi\AppData\Local\Temp
TEMP=C:\Users\marsi\AppData\Local\Temp



---------------  S Y S T E M  ---------------

OS:
 Windows 11 , 64 bit Build 22621 (10.0.22621.3085)
OS uptime: 2 days 7:19 hours
Hyper-V role detected

CPU: total 16 (initial active 16) (16 cores per cpu, 2 threads per core) family 25 model 68 stepping 1 microcode 0x0, cx8, cmov, fxsr, ht, mmx, 3dnowpref, sse, sse2, sse3, ssse3, sse4a, sse4.1, sse4.2, popcnt, lzcnt, tsc, tscinvbit, avx, avx2, aes, clmul, bmi1, bmi2, adx, sha, fma, vzeroupper, clflush, clflushopt, hv

Memory: 4k page, system-wide physical 15613M (2944M free)
TotalPageFile size 62717M (AvailPageFile size 234M)
current process WorkingSet (physical memory assigned to process): 11M, peak: 11M
current process commit charge ("private bytes"): 70M, peak: 314M

vm_info: OpenJDK 64-Bit Server VM (17.0.7+7) for windows-amd64 JRE (17.0.7+7), built on Apr 18 2023 22:10:42 by "temurin" with MS VC++ 16.7 (VS2019)

END.
